------------------------------------------------------------
Timing Analyzer Summary
------------------------------------------------------------

Type  : Slow 1100mV 85C Model Setup 'clk'
Slack : -12.669
TNS   : -2911.117

Type  : Slow 1100mV 85C Model Setup 'VGA:vga|ClkDivisor:VGAClkDivisor|clk25Mhz'
Slack : -2.949
TNS   : -85.539

Type  : Slow 1100mV 85C Model Setup 'VGA:vga|frequency_divider_paint:divider|clk_out'
Slack : -2.510
TNS   : -4.953

Type  : Slow 1100mV 85C Model Hold 'clk'
Slack : 0.371
TNS   : 0.000

Type  : Slow 1100mV 85C Model Hold 'VGA:vga|frequency_divider_paint:divider|clk_out'
Slack : 0.564
TNS   : 0.000

Type  : Slow 1100mV 85C Model Hold 'VGA:vga|ClkDivisor:VGAClkDivisor|clk25Mhz'
Slack : 0.697
TNS   : 0.000

Type  : Slow 1100mV 85C Model Minimum Pulse Width 'clk'
Slack : -0.464
TNS   : -160.497

Type  : Slow 1100mV 85C Model Minimum Pulse Width 'VGA:vga|ClkDivisor:VGAClkDivisor|clk25Mhz'
Slack : -0.394
TNS   : -16.046

Type  : Slow 1100mV 85C Model Minimum Pulse Width 'VGA:vga|frequency_divider_paint:divider|clk_out'
Slack : -0.394
TNS   : -1.043

Type  : Slow 1100mV 0C Model Setup 'clk'
Slack : -12.414
TNS   : -2865.249

Type  : Slow 1100mV 0C Model Setup 'VGA:vga|ClkDivisor:VGAClkDivisor|clk25Mhz'
Slack : -2.908
TNS   : -82.847

Type  : Slow 1100mV 0C Model Setup 'VGA:vga|frequency_divider_paint:divider|clk_out'
Slack : -2.440
TNS   : -4.756

Type  : Slow 1100mV 0C Model Hold 'clk'
Slack : 0.389
TNS   : 0.000

Type  : Slow 1100mV 0C Model Hold 'VGA:vga|frequency_divider_paint:divider|clk_out'
Slack : 0.546
TNS   : 0.000

Type  : Slow 1100mV 0C Model Hold 'VGA:vga|ClkDivisor:VGAClkDivisor|clk25Mhz'
Slack : 0.665
TNS   : 0.000

Type  : Slow 1100mV 0C Model Minimum Pulse Width 'clk'
Slack : -0.448
TNS   : -178.666

Type  : Slow 1100mV 0C Model Minimum Pulse Width 'VGA:vga|ClkDivisor:VGAClkDivisor|clk25Mhz'
Slack : -0.394
TNS   : -16.203

Type  : Slow 1100mV 0C Model Minimum Pulse Width 'VGA:vga|frequency_divider_paint:divider|clk_out'
Slack : -0.394
TNS   : -1.027

Type  : Fast 1100mV 85C Model Setup 'clk'
Slack : -7.299
TNS   : -1660.047

Type  : Fast 1100mV 85C Model Setup 'VGA:vga|ClkDivisor:VGAClkDivisor|clk25Mhz'
Slack : -1.448
TNS   : -41.930

Type  : Fast 1100mV 85C Model Setup 'VGA:vga|frequency_divider_paint:divider|clk_out'
Slack : -1.254
TNS   : -2.438

Type  : Fast 1100mV 85C Model Hold 'clk'
Slack : 0.183
TNS   : 0.000

Type  : Fast 1100mV 85C Model Hold 'VGA:vga|frequency_divider_paint:divider|clk_out'
Slack : 0.249
TNS   : 0.000

Type  : Fast 1100mV 85C Model Hold 'VGA:vga|ClkDivisor:VGAClkDivisor|clk25Mhz'
Slack : 0.326
TNS   : 0.000

Type  : Fast 1100mV 85C Model Minimum Pulse Width 'clk'
Slack : -0.437
TNS   : -17.747

Type  : Fast 1100mV 85C Model Minimum Pulse Width 'VGA:vga|ClkDivisor:VGAClkDivisor|clk25Mhz'
Slack : 0.117
TNS   : 0.000

Type  : Fast 1100mV 85C Model Minimum Pulse Width 'VGA:vga|frequency_divider_paint:divider|clk_out'
Slack : 0.133
TNS   : 0.000

Type  : Fast 1100mV 0C Model Setup 'clk'
Slack : -6.481
TNS   : -1470.650

Type  : Fast 1100mV 0C Model Setup 'VGA:vga|ClkDivisor:VGAClkDivisor|clk25Mhz'
Slack : -1.267
TNS   : -36.467

Type  : Fast 1100mV 0C Model Setup 'VGA:vga|frequency_divider_paint:divider|clk_out'
Slack : -1.079
TNS   : -2.085

Type  : Fast 1100mV 0C Model Hold 'clk'
Slack : 0.176
TNS   : 0.000

Type  : Fast 1100mV 0C Model Hold 'VGA:vga|frequency_divider_paint:divider|clk_out'
Slack : 0.189
TNS   : 0.000

Type  : Fast 1100mV 0C Model Hold 'VGA:vga|ClkDivisor:VGAClkDivisor|clk25Mhz'
Slack : 0.288
TNS   : 0.000

Type  : Fast 1100mV 0C Model Minimum Pulse Width 'clk'
Slack : -0.417
TNS   : -22.352

Type  : Fast 1100mV 0C Model Minimum Pulse Width 'VGA:vga|ClkDivisor:VGAClkDivisor|clk25Mhz'
Slack : 0.121
TNS   : 0.000

Type  : Fast 1100mV 0C Model Minimum Pulse Width 'VGA:vga|frequency_divider_paint:divider|clk_out'
Slack : 0.145
TNS   : 0.000

------------------------------------------------------------
